#######################################################
#     #    #oo      #ooo    #                 oooooooo#
# ooo # oo #o       #o      # ooo                    o#
# oo  #  o      o   #o      # oo                     o#
# o   o        ooo      oo    o    ########oo ######oo#
#     o    #    o       oo         #o  o  #o  #       #
####oo###  #        #       #      # oo   #   #  oo   #
#          #        #       #     o# oo   #   #  oo   #
# o      o ####   ####      #    oo#o  o  o   #  oo   #
# oo    oo #oo     oo###  #####  ###      o   #       #
#      #   #o       o#o    o#o    o#      o oo###  ####
#####  #####         #      #      #      #   o       #
#      oo      ooo             oo         #   o     o #
# ooo  o   o   ooo             oo      oo #        oo #
# oo      o#o        #      #      #   oo #o      ooo #
# o        #         #o    o#o    o#      #oo         #
#   ###########   ######  #####  ######################
#        o#oo      oo#      #oo  ooo                  #
#         #o        o#      #o    o     o          oo #
#    o          o    #      #          ooo         oo #
#   ooo        ooo   #  oo  #           o             #
#    o          o    #o oo o#  #######o   o##  ########
#o        #o        o#  oo  #      o #     #    #     #
#oo       #oo      oo#      #      oo#     #    # ooo #
####o o###############      #o       #     #    # ooo #
#          #       oo#      #oo      #o   o# oo # ooo #
# oo    oo #  o     o##    #####  #######  # oo #     #
# o      o # ooo     #       #      #oooo  # oo #oo oo#
#          #  o      # o                   # oo #     #
#   o      #    o    # oo       oo         # oo #     #
#o o###  ########o  o# ooo                 #    #     #
#   #      #    o  oo#       #      #     o#    #o    #
#   #  oo           o###########  ###    oo#    #oo   #
#   #  oo            #      oo      ###  ####  ####  ##
#   #      #o   o    #              #                 #
#   ########o  o#       oo  ##  oo  #  oo             #
# o       ooo   #       oo  ##  oo  #  oo             #
#ooo            #o  o#              #  oo        o    #
# o             #oooo#      oo      #           ooo   #
#######################################################
