#######################################################
#                                                     #
#                                                     #
#                                                     #
#                                                     #
#                                                     #
#                                                     #
#                    ooooo                            #
#                   oooooooo                          #
#                 oooooooooooo                        #
#              ooooooooooooooooooo                    #
#             ooooooooooooooooooooo                   #
#            oooooooooooooooooooooo                   #
#            ooooooooooooooooooooooo                  #
#            ooooooooooooooooooooooo                  #
#             oooooooooooooooooooooooo                #
#              ooooooooooooooooooooooooo              #
#              oooooooooooooooooooooooooo             #
#               ooooooooooooooooooooooooo             #
#               oooooooooooooooooooooooooo            #
#                ooooooooooooooooooooooooo            #
#                 ooooooooooooooooooooooo             #
#                 ooooooooooooooooooooo               #
#                 ooooooooooooooo                     #
#                  ooooooooooo                        #
#                   ooooooooo                         #
#                    oooooo                           #
#                      ooo                            #
#                                                     #
#                                                     #
#                                                     #
#                                                     #
#                                                     #
#                                                     #
#                                                     #
#                                                     #
#                                                     #
#                                                     #
#                                                     #
#######################################################
