#######################################################
#ooooooooooooooooooooooooooooooooooooooooooooooooooooo#
#ooooooooooooooooooooooooooooooooooooooooooooooooooooo#
#ooooooooooooooooooooooooooooooooooooooooooooooooooooo#
#ooooooooooooooooooooooooooooooooooooooooooooooooooooo#
#ooooooooooooooooooooooooooooooooooooooooooooooooooooo#
##########oooooo###########ooooooo##############oooooo#
#ooooooooooooooooooooooooooooooooooooooooooooooooooooo#
#ooooooooooooooooooooooooooooooooooooooooooooooooooooo#
#ooooooooooooooooooooooooooooooooooooooooooooooooooooo#
#ooooooooooooooooooooooooooooooooooooooooooooooooooooo#
#ooooooooooooooooooooooooooooooooooooooooooooooooooooo#
#ooooooooooooooooooooooooooooooooooooooooooooooooooooo#
#ooooooooo##########################oooooooo###########
#ooooooooooooooooooooooooooooooooooooooooooooooooooooo#
#ooooooooooooooooooooooooooooooooooooooooooooooooooooo#
#oooooooooooooooooooo oooooooooooooooooooooooooooooooo#
#ooooooooooooooooooooooooooooooooooooooooooooooooooooo#
#ooooooooooooooooooooooooooooooooooooooooooooooooooooo#
#ooooooooooooooooooooooooooooooooooooooooooooooooooooo#
############oooo############ooooo##############ooooooo#
#ooooooooooooooooooooooooooooooooooooooooooooooooooooo#
#ooooooooooooooooooooooooooooooooooooooooooooooooooooo#
#ooooooooooooooooooooooooooooooooooooooooooooooooooooo#
#ooooooooooooooooooooooooooooooooooooooooooooooooooooo#
#ooooooooooooooooooooooooooooooooooooooooooooooooooooo#
####oooooo##################ooooo######ooooo###########
#ooooooooooooooooooooooooooooooooooooooooooooooooooooo#
#ooooooooooooooooooooooooooooooooooooooooooooooooooooo#
#ooooooooooooooooooooooooooooooooooooooooooooooooooooo#
#ooooooooooooooooooooooooooooooooooooooooooooooooooooo#
#ooooooooooooooooooooooooooooooooooooooooooooooooooooo#
#ooooooooooooooooooooooooooooooooooooooooooooooooooooo#
##############ooooooooooo##############################
#ooooooooooooooooooooooooooooooooooooooooooooooooooooo#
#ooooooooooooooooooooooooooooooooooooooooooooooooooooo#
#ooooooooooooooooooooooooooooooooooooooooooooooooooooo#
#ooooooooooooooooooooooooooooooooooooooooooooooooooooo#
#ooooooooooooooooooooooooooooooooooooooooooooooooooooo#
#######################################################
