#######################################################
#                                                     #
#                                                     #
#   ooooooooooooooo                         ooo       #
#   o             o                        o   o      #
#   o             o                        o   o      #
#   ooooo         oooooooooooooooooooo     o   o      #
#       o                             o    o   o      #
#       o                             o    o   o      #
#       o   ooooooooooooo             o    o   o      #
#       o   o           o             o    o   o      #
#       o   o           o             o    o   o      #
#   ooooo   o  ooooooo  o             o    o   o      #
#   o       o  o     o  o              oooo    o      #
#   o       o  o     o  o                      o      #
#   o       o  o     oooo                      o      #
#   o       o  o                               o      #
#   ooooo   o  oooooooooooo                    o      #
#       o   o             o                    o      #
#       o   o             o     oo             o      #
#       o   ooooooo       o    o  o            o      #
#       o         o       o   o    o           o      #
#       o         o       o   o    o           o      #
#       ooooooooooo       o   o    o           o      #
#                         o   o    o          o       #
#                         o   o     o        o        #
#                         o   o      o      o         #
#       oooooooooooo      o   o       o    o          #
#       o          o      o    o       oooo           #
#       o          o      o     o                     #
#       o          o      o      o                    #
#       o          oooooooo       o     oooooo        #
#       o                        o      o     o       #
#       o                       o       o      o      #
#       o                      o              o       #
#                               o            o        #
#                                oooooooooooo         #
#                                                     #
#                                                     #
#######################################################
