#######################################################
#                              o         #            #
#                             ooo        #            #
#                            ooooo                    #
#                           ooooooo               o   #
#       ###########################              ooo  #
#       #                         #             ooooo #
#       #                         #            ooooooo#
#       #                         #      #     ########
#       #                         #      #            #
#                                 #      #            #
#                   ooo     #o           #            #
#o                  ooo     #oo          #            #
#oo                 ooo     #ooo         #            #
#ooo    #           ooo     #oooo        #            #
#oooo   #           ooo     #####   ############      #
#ooooooo#           ooo     #            #            #
#########     #########     #            #            #
#                     #     #            #            #
#                     #     #           o#            #
#                     #     #           o#            #
#                     #                oo#            #
#                     #                oo#     #      #
#                     #               ooo#     #      #
#################     #              oooo#     #      #
#                     #              oooo#     #      #
#                     ############   #####     #      #
#                                #             #      #
#                               o#             #      #
#             #                oo#             #      #
#             #                oo#             #      #
#             #              oooo#             #      #
#       #     #           ooooooo#             #      #
#       #     ############################     #      #
#       #                                      #      #
#   o   #                                      #  oo  #
#  ooo  #          oooooo                      # oooo #
# ooooo #          oooooo                      #oooooo#
#ooooooo#         oooooooo                     #oooooo#
#######################################################
