#######################################################
#                                                     #
#                                 o     o             #
#                         o       o     o          o  #
#                         ooooooooo     oooooooooooo  #
#  o                      o   o   o     o     o    o  #
#  o        o   o             o   o     o     o       #
#  oooooooooo   oooooooooo    o               o       #
#  o   o    o   o    o        o               o       #
#  o   o             o        o               o       #
#      ooooooooooooooo        ooooooooooooooooo       #
#      o      o      o        o       o       o       #
#  o   o      o      o        o       o   o   o       #
#  oooooooo   o   ooooooo     o       o   o   o       #
#  o          o            ooooooo    o   oooooooooo  #
#             o                       o   o           #
#             o                       o   o           #
#             o                       o               #
#             o                       o               #
#             ooooooooooooooooooooooooo         ooooo #
#             o          o            o           o   #
#             o          o            o           o   #
#             o       o  o            o           o   #
#   ooooooo   o  oooooo  o            o   ooooooooo   #
#      o      o    o  o  o     o      o      o    o   #
#      o      o    o     o     o      o      o    o   #
#      o      o    o     o     o      o      o    o   #
#      ooooooooooooo     o     ooooooooooooooo        #
#      o           o     o     o             o        #
#      o           o     o     o     o       o        #
#  o   o   o   o   o  o  o     o     o       o        #
#  ooooooooo   oooooooo  o  oooooooooo     ooooo      #
#  o       o   o      o  o           o                #
#                        o           o                #
#                        o                            #
#                        o                            #
#                        o                            #
#                                                     #
#                                                     #
#######################################################
